* Details
|-------------------+-------+-------+-------|
| Bucket A          | 20.0% |       |       |
|-------------------+-------+-------+-------|
| level 1           | 20.0% |       |       |
|     level 1A      |       | 20.0% |       |
|-------------------+-------+-------+-------|
| Bucket B          | 40.0% |       |       |
|-------------------+-------+-------+-------|
| level 2           | 40.0% |       |       |
|     level 2A      |       | 20.0% |       |
|         level 2Aa |       |       | 20.0% |
|     level 2B      |       | 20.0% |       |
|-------------------+-------+-------+-------|
| Bucket C          | 40.0% |       |       |
|-------------------+-------+-------+-------|
| level 1           | 20.0% |       |       |
|     level 1B      |       | 20.0% |       |
| level 2           | 20.0% |       |       |
|     level 2A      |       | 20.0% |       |
|-------------------+-------+-------+-------|
