* Details
|-------------------+------+------+------|
| Bucket A          | 0:01 |      |      |
|-------------------+------+------+------|
| level 1           | 0:01 |      |      |
|     level 1A      |      | 0:01 |      |
|-------------------+------+------+------|
| Bucket B          | 0:02 |      |      |
|-------------------+------+------+------|
| level 2           | 0:02 |      |      |
|     level 2A      |      | 0:01 |      |
|         level 2Aa |      |      | 0:01 |
|     level 2B      |      | 0:01 |      |
|-------------------+------+------+------|
| Bucket C          | 0:02 |      |      |
|-------------------+------+------+------|
| level 1           | 0:01 |      |      |
|     level 1B      |      | 0:01 |      |
| level 2           | 0:01 |      |      |
|     level 2A      |      | 0:01 |      |
|-------------------+------+------+------|
