|--------------+------+------|
| Bucket A     |      |      |
|--------------+------+------|
|--------------+------+------|
| Bucket B     |      |      |
|--------------+------+------|
|--------------+------+------|
| Bucket C     |      |      |
|--------------+------+------|
| level 2      | 0:01 |      |
|     level 2A |      | 0:01 |
|--------------+------+------|
