|--------------+------+------|
| Bucket A     | 0:00 |      |
|--------------+------+------|
|--------------+------+------|
| Bucket B     | 0:00 |      |
|--------------+------+------|
|--------------+------+------|
| Bucket C     | 0:01 |      |
|--------------+------+------|
| level 2      | 0:01 |      |
|     level 2A |      | 0:01 |
|--------------+------+------|
